<testsuites id="" name="" tests="19" failures="0" skipped="10" errors="2" time="56.002103000000005">
<testsuite name="staging/desktop/account.spec.ts" timestamp="2026-09-30T21:00:48.489Z" hostname="staging-desktop" tests="1" failures="0" skipped="1" time="0" errors="0">
<testcase name="requires verified product data and selectors" classname="staging/desktop/account.spec.ts">
<properties>
<property name="skip" value="">
</property>
</properties>
<skipped>
</skipped>
</testcase>
</testsuite>
<testsuite name="staging/desktop/api-health.spec.ts" timestamp="2026-09-30T21:00:48.489Z" hostname="staging-desktop" tests="1" failures="0" skipped="1" time="0" errors="0">
<testcase name="requires verified product data and selectors" classname="staging/desktop/api-health.spec.ts">
<properties>
<property name="skip" value="">
</property>
</properties>
<skipped>
</skipped>
</testcase>
</testsuite>
<testsuite name="staging/desktop/cart.spec.ts" timestamp="2026-09-30T21:00:48.489Z" hostname="staging-desktop" tests="1" failures="0" skipped="0" time="13.243" errors="1">
<testcase name="Cart @staging @stateful @requires-authorization › adds item and updates quantity on staging" classname="staging/desktop/cart.spec.ts" time="13.243">
<system-out>
<![CDATA[
[[ATTACHMENT|../test-results/staging-desktop-cart-Cart--b9af7-updates-quantity-on-staging-staging-desktop/test-failed-1.png]]

[[ATTACHMENT|../test-results/staging-desktop-cart-Cart--b9af7-updates-quantity-on-staging-staging-desktop/error-context.md]]

[[ATTACHMENT|../test-results/staging-desktop-cart-Cart--b9af7-updates-quantity-on-staging-staging-desktop/trace.zip]]
]]>
</system-out>
<error message="locator.click: Timeout 10000ms exceeded." type="TimeoutError">
<![CDATA[  [staging-desktop] › staging/desktop/cart.spec.ts:19:7 › Cart @staging @stateful @requires-authorization › adds item and updates quantity on staging 

    TimeoutError: locator.click: Timeout 10000ms exceeded.
    Call log:
      - waiting for getByRole('button', { name: /in den warenkorb|add to cart|zum warenkorb/i })


      37 |     // Add to cart
      38 |     await productDetailPage.waitForMainContent();
    > 39 |     await productDetailPage.addToCartButton.click({ force: true });
         |                                             ^
      40 |
      41 |     // Go to cart
      42 |     await page.goto('/warenkorb.php');
        at /Users/benraiss/bw-playwright-test-project/beautywelt-e2e-tests/tests/staging/desktop/cart.spec.ts:39:45

    attachment #1: screenshot (image/png) ──────────────────────────────────────────────────────────
    ../test-results/staging-desktop-cart-Cart--b9af7-updates-quantity-on-staging-staging-desktop/test-failed-1.png
    ────────────────────────────────────────────────────────────────────────────────────────────────

    Error Context: ../test-results/staging-desktop-cart-Cart--b9af7-updates-quantity-on-staging-staging-desktop/error-context.md

    attachment #3: trace (application/zip) ─────────────────────────────────────────────────────────
    ../test-results/staging-desktop-cart-Cart--b9af7-updates-quantity-on-staging-staging-desktop/trace.zip
    Usage:

        npx playwright show-trace ../test-results/staging-desktop-cart-Cart--b9af7-updates-quantity-on-staging-staging-desktop/trace.zip

    ────────────────────────────────────────────────────────────────────────────────────────────────
]]>
</error>
</testcase>
</testsuite>
<testsuite name="staging/desktop/checkout-navigation.spec.ts" timestamp="2026-09-30T21:00:48.489Z" hostname="staging-desktop" tests="1" failures="0" skipped="1" time="0" errors="0">
<testcase name="requires verified product data and selectors" classname="staging/desktop/checkout-navigation.spec.ts">
<properties>
<property name="skip" value="">
</property>
</properties>
<skipped>
</skipped>
</testcase>
</testsuite>
<testsuite name="staging/desktop/checkout.spec.ts" timestamp="2026-09-30T21:00:48.489Z" hostname="staging-desktop" tests="4" failures="0" skipped="4" time="0.023" errors="0">
<testcase name="Checkout API @staging @destructive @requires-authorization › creates an order and decrements controlled test stock" classname="staging/desktop/checkout.spec.ts">
<properties>
<property name="skip" value="Destructive checkout tests are disabled. Set RUN_DESTRUCTIVE_TESTS=true only after receiving explicit authorization for order and stock mutation.">
</property>
</properties>
<skipped>
</skipped>
</testcase>
<testcase name="Checkout API @staging @destructive @requires-authorization › returns the current cart contents" classname="staging/desktop/checkout.spec.ts">
<properties>
<property name="skip" value="Destructive checkout tests are disabled. Set RUN_DESTRUCTIVE_TESTS=true only after receiving explicit authorization for order and stock mutation.">
</property>
</properties>
<skipped>
</skipped>
</testcase>
<testcase name="Checkout API @staging @destructive @requires-authorization › rejects checkout without required customer details" classname="staging/desktop/checkout.spec.ts">
<properties>
<property name="skip" value="Destructive checkout tests are disabled. Set RUN_DESTRUCTIVE_TESTS=true only after receiving explicit authorization for order and stock mutation.">
</property>
</properties>
<skipped>
</skipped>
</testcase>
<testcase name="Checkout API @staging @destructive @requires-authorization › calculates the total for multiple controlled test items" classname="staging/desktop/checkout.spec.ts">
<properties>
<property name="skip" value="Destructive checkout tests are disabled. Set RUN_DESTRUCTIVE_TESTS=true only after receiving explicit authorization for order and stock mutation.">
</property>
</properties>
<skipped>
</skipped>
</testcase>
</testsuite>
<testsuite name="staging/desktop/homepage.spec.ts" timestamp="2026-09-30T21:00:48.489Z" hostname="staging-desktop" tests="7" failures="0" skipped="0" time="12.953" errors="0">
<testcase name="Desktop homepage @staging @requires-authorization › loads the desktop homepage with its primary landmarks" classname="staging/desktop/homepage.spec.ts" time="1.425">
</testcase>
<testcase name="Desktop homepage @staging @requires-authorization › exposes every primary category destination in the desktop navigation" classname="staging/desktop/homepage.spec.ts" time="1.437">
</testcase>
<testcase name="Desktop homepage @staging @requires-authorization › submits a homepage search and renders the search results page" classname="staging/desktop/homepage.spec.ts" time="2.234">
</testcase>
<testcase name="Desktop homepage @staging @requires-authorization › renders linked hero and promotional imagery with safe destinations" classname="staging/desktop/homepage.spec.ts" time="3.585">
</testcase>
<testcase name="Desktop homepage @staging @requires-authorization › renders complete product carousel cards" classname="staging/desktop/homepage.spec.ts" time="1.668">
</testcase>
<testcase name="Desktop homepage @staging @requires-authorization › renders brand promotions and the newsletter signup section" classname="staging/desktop/homepage.spec.ts" time="1.313">
</testcase>
<testcase name="Desktop homepage @staging @requires-authorization › renders all legal and customer-service footer links" classname="staging/desktop/homepage.spec.ts" time="1.291">
</testcase>
</testsuite>
<testsuite name="staging/desktop/navigation.spec.ts" timestamp="2026-09-30T21:00:48.489Z" hostname="staging-desktop" tests="1" failures="0" skipped="0" time="27.649" errors="1">
<testcase name="Desktop Navigation Flow @staging @stateful @requires-authorization › navigates from catalog to checkout entry on approved staging" classname="staging/desktop/navigation.spec.ts" time="27.649">
<system-out>
<![CDATA[
[[ATTACHMENT|../test-results/staging-desktop-navigation-37f2b-t-entry-on-approved-staging-staging-desktop/test-failed-1.png]]

[[ATTACHMENT|../test-results/staging-desktop-navigation-37f2b-t-entry-on-approved-staging-staging-desktop/error-context.md]]

[[ATTACHMENT|../test-results/staging-desktop-navigation-37f2b-t-entry-on-approved-staging-staging-desktop/trace.zip]]
]]>
</system-out>
<error message="Could not find a visible add-to-cart control. Tried: add-to-cart button, add-to-cart link, submit button containing In den Warenkorb." type="Error">
<![CDATA[  [staging-desktop] › staging/desktop/navigation.spec.ts:482:7 › Desktop Navigation Flow @staging @stateful @requires-authorization › navigates from catalog to checkout entry on approved staging › Add the product to the cart 

    Error: Could not find a visible add-to-cart control. Tried: add-to-cart button, add-to-cart link, submit button containing In den Warenkorb.

      109 |   }
      110 |
    > 111 |   throw new Error(
          |         ^
      112 |     `Could not find a visible ${purpose}. Tried: ${attemptedCandidates.join(', ')}.`,
      113 |   );
      114 | }
        at findSingleVisibleLocator (/Users/benraiss/bw-playwright-test-project/beautywelt-e2e-tests/tests/staging/desktop/navigation.spec.ts:111:9)
        at addCurrentProductToCart (/Users/benraiss/bw-playwright-test-project/beautywelt-e2e-tests/tests/staging/desktop/navigation.spec.ts:322:28)
        at /Users/benraiss/bw-playwright-test-project/beautywelt-e2e-tests/tests/staging/desktop/navigation.spec.ts:516:7
        at /Users/benraiss/bw-playwright-test-project/beautywelt-e2e-tests/tests/staging/desktop/navigation.spec.ts:515:5

    attachment #1: screenshot (image/png) ──────────────────────────────────────────────────────────
    ../test-results/staging-desktop-navigation-37f2b-t-entry-on-approved-staging-staging-desktop/test-failed-1.png
    ────────────────────────────────────────────────────────────────────────────────────────────────

    Error Context: ../test-results/staging-desktop-navigation-37f2b-t-entry-on-approved-staging-staging-desktop/error-context.md

    attachment #3: trace (application/zip) ─────────────────────────────────────────────────────────
    ../test-results/staging-desktop-navigation-37f2b-t-entry-on-approved-staging-staging-desktop/trace.zip
    Usage:

        npx playwright show-trace ../test-results/staging-desktop-navigation-37f2b-t-entry-on-approved-staging-staging-desktop/trace.zip

    ────────────────────────────────────────────────────────────────────────────────────────────────
]]>
</error>
</testcase>
</testsuite>
<testsuite name="staging/desktop/product-detail.spec.ts" timestamp="2026-09-30T21:00:48.489Z" hostname="staging-desktop" tests="1" failures="0" skipped="1" time="0" errors="0">
<testcase name="requires verified product data and selectors" classname="staging/desktop/product-detail.spec.ts">
<properties>
<property name="skip" value="">
</property>
</properties>
<skipped>
</skipped>
</testcase>
</testsuite>
<testsuite name="staging/desktop/search-filters.spec.ts" timestamp="2026-09-30T21:00:48.489Z" hostname="staging-desktop" tests="1" failures="0" skipped="1" time="0" errors="0">
<testcase name="requires verified product data and selectors" classname="staging/desktop/search-filters.spec.ts">
<properties>
<property name="skip" value="">
</property>
</properties>
<skipped>
</skipped>
</testcase>
</testsuite>
<testsuite name="staging/desktop/visual-regression.spec.ts" timestamp="2026-09-30T21:00:48.489Z" hostname="staging-desktop" tests="1" failures="0" skipped="1" time="0" errors="0">
<testcase name="requires verified product data and selectors" classname="staging/desktop/visual-regression.spec.ts">
<properties>
<property name="skip" value="">
</property>
</properties>
<skipped>
</skipped>
</testcase>
</testsuite>
</testsuites>